
> aio-make@1.0.0 build
> next build

   ▲ Next.js 15.5.27
   - Environments: .env.local

   Creating an optimized production build ...
 ✓ Compiled successfully in 18.7s
   Linting and checking validity of types ...
   Collecting page data ...
   Generating static pages (0/14) ...
   Generating static pages (3/14)
   Generating static pages (6/14)
   Generating static pages (10/14)
 ✓ Generating static pages (14/14)
   Finalizing page optimization ...
   Collecting build traces ...

Route (app)                                 Size  First Load JS
┌ ƒ /                                      183 B         111 kB
├ ○ /_not-found                            153 B         103 kB
├ ƒ /[division]                          2.92 kB         114 kB
├ ƒ /[division]/contact                    128 B         128 kB
├ ƒ /[division]/insights                   183 B         111 kB
├ ƒ /[division]/insights/[slug]            183 B         111 kB
├ ƒ /[division]/services/[service]       2.92 kB         114 kB
├ ƒ /[division]/work                       183 B         111 kB
├ ƒ /[division]/work/[slug]                183 B         111 kB
├ ○ /about                                 174 B         111 kB
├ ƒ /admin                               10.2 kB         140 kB
├ ƒ /admin/login                         1.88 kB         113 kB
├ ƒ /api/admin/analytics                   153 B         103 kB
├ ƒ /api/admin/entries                     153 B         103 kB
├ ƒ /api/admin/inquiries                   153 B         103 kB
├ ƒ /api/admin/inquiries/[id]              153 B         103 kB
├ ƒ /api/admin/login                       153 B         103 kB
├ ƒ /api/admin/logout                      153 B         103 kB
├ ƒ /api/admin/media                       153 B         103 kB
├ ƒ /api/contact                           153 B         103 kB
├ ○ /contact                               128 B         128 kB
├ ○ /icon.svg                                0 B            0 B
├ ○ /privacy                               167 B         106 kB
├ ○ /robots.txt                            153 B         103 kB
├ ƒ /sitemap.xml                           153 B         103 kB
├ ○ /terms                                 167 B         106 kB
└ ƒ /work                                  183 B         111 kB
+ First Load JS shared by all             103 kB
  ├ chunks/255-ce8c7c75002f810b.js       46.5 kB
  ├ chunks/4bd1b696-c023c6e3521b1417.js  54.2 kB
  └ other shared chunks (total)          1.99 kB


ƒ Middleware                             34.3 kB

○  (Static)   prerendered as static content
ƒ  (Dynamic)  server-rendered on demand
